src/routes/analytics.ts(110,101): error TS2339: Property 'telephone' does not exist on type '{ id: string; location: string | null; address: string | null; postcode: string | null; status: string; createdAt: Date; updatedAt: Date; name: string; passwordHash: string; trade: string; ... 13 more ...; logo_url: string | null; }'.
src/services/contractors.service.ts(23,5): error TS2322: Type '{ licenses: string[]; status: string; name: string; telephone: string; email?: string; trade: string; businessType: string; zipCodes: string[]; headline?: string; location?: string; website?: string; ... 5 more ...; address?: string; }' is not assignable to type '(Without<ContractorCreateInput, ContractorUncheckedCreateInput> & ContractorUncheckedCreateInput) | (Without<...> & ContractorCreateInput)'.
  Type '{ licenses: string[]; status: string; name: string; telephone: string; email?: string; trade: string; businessType: string; zipCodes: string[]; headline?: string; location?: string; website?: string; ... 5 more ...; address?: string; }' is not assignable to type 'Without<ContractorUncheckedCreateInput, ContractorCreateInput> & ContractorCreateInput'.
    Property 'passwordHash' is missing in type '{ licenses: string[]; status: string; name: string; telephone: string; email?: string; trade: string; businessType: string; zipCodes: string[]; headline?: string; location?: string; website?: string; ... 5 more ...; address?: string; }' but required in type 'ContractorCreateInput'.
